{
    "bundle - recognize - params": {
        "content": [
            {
                "0": [
                    [
                        {
                            "id": "test",
                            "single_end": false
                        },
                        [
                            "test__bundle_1_cleaned.trk:md5,4f5cb88d05f175d6b55509d0ad307ab3",
                            "test__bundle_2_cleaned.trk:md5,58b4c1381603d72ad6e72cc705b4606e",
                            "test__bundle_3_cleaned.trk:md5,8f24a8c534b6e2386bcc755bd8f0c4b9",
                            "test__bundle_4_cleaned.trk:md5,eafac0796051d6ada4bfc5a5c576c536",
                            "test__bundle_5_cleaned.trk:md5,0d512bcaaf49325415a1f4860a167f5e"
                        ]
                    ]
                ],
                "1": [
                    [
                        {
                            "id": "test",
                            "single_end": false
                        },
                        "test__bundles_mosaic_mqc.png:md5,0c801fbb54350275f472025b4aebe128"
                    ]
                ],
                "2": [
                    [
                        {
                            "id": "test",
                            "single_end": false
                        },
                        "test__bundles_stats_mqc.json:md5,8c18b46194ec557b34bcf4136ee801ce"
                    ]
                ],
                "3": [
                    "versions.yml:md5,083946242b74b84b09704b8be661eee2"
                ],
                "bundles": [
                    [
                        {
                            "id": "test",
                            "single_end": false
                        },
                        [
                            "test__bundle_1_cleaned.trk:md5,4f5cb88d05f175d6b55509d0ad307ab3",
                            "test__bundle_2_cleaned.trk:md5,58b4c1381603d72ad6e72cc705b4606e",
                            "test__bundle_3_cleaned.trk:md5,8f24a8c534b6e2386bcc755bd8f0c4b9",
                            "test__bundle_4_cleaned.trk:md5,eafac0796051d6ada4bfc5a5c576c536",
                            "test__bundle_5_cleaned.trk:md5,0d512bcaaf49325415a1f4860a167f5e"
                        ]
                    ]
                ],
                "global_mqc": [
                    [
                        {
                            "id": "test",
                            "single_end": false
                        },
                        "test__bundles_stats_mqc.json:md5,8c18b46194ec557b34bcf4136ee801ce"
                    ]
                ],
                "mqc": [
                    [
                        {
                            "id": "test",
                            "single_end": false
                        },
                        "test__bundles_mosaic_mqc.png:md5,0c801fbb54350275f472025b4aebe128"
                    ]
                ],
                "versions": [
                    "versions.yml:md5,083946242b74b84b09704b8be661eee2"
                ]
            }
        ],
        "meta": {
            "nf-test": "0.9.0",
            "nextflow": "24.10.4"
        },
        "timestamp": "2025-02-25T18:00:24.361429655"
    },
    "bundle - recognize - base": {
        "content": [
            {
                "0": [
                    
                ],
                "1": [
                    
                ],
                "2": [
                    
                ],
                "3": [
                    
                ],
                "bundles": [
                    
                ],
                "global_mqc": [
                    
                ],
                "mqc": [
                    
                ],
                "versions": [
                    
                ]
            }
        ],
        "meta": {
            "nf-test": "0.9.0",
            "nextflow": "24.10.4"
        },
        "timestamp": "2025-02-25T15:00:01.833495184"
    }
}